#-----------------------------------------------------------
# Vivado v2019.1 (64-bit)
# SW Build 2552052 on Fri May 24 14:49:42 MDT 2019
# IP Build 2548770 on Fri May 24 18:01:18 MDT 2019
# Start of session at: Thu Nov 30 20:42:39 2023
# Process ID: 6744
# Current directory: C:/Users/imeli/Desktop/RISC_V/RISC_V_core
# Command line: vivado.exe -gui_launcher_event rodinguilauncherevent1268 C:\Users\imeli\Desktop\RISC_V\RISC_V_core\RISC_V_core.xpr
# Log file: C:/Users/imeli/Desktop/RISC_V/RISC_V_core/vivado.log
# Journal file: C:/Users/imeli/Desktop/RISC_V/RISC_V_core\vivado.jou
#-----------------------------------------------------------
start_gui
open_project C:/Users/imeli/Desktop/RISC_V/RISC_V_core/RISC_V_core.xpr
update_compile_order -fileset sources_1
launch_simulation
source tb.tcl
relaunch_sim
relaunch_sim
relaunch_sim
close_sim
launch_simulation
source tb.tcl
relaunch_sim
save_wave_config {C:/Users/imeli/Desktop/RISC_V/RISC_V_core/tb_behavioral.wcfg}
add_files -fileset sim_1 -norecurse C:/Users/imeli/Desktop/RISC_V/RISC_V_core/tb_behavioral.wcfg
set_property xsim.view {C:/Users/imeli/Desktop/RISC_V/RISC_V_core/tb_behaviour.wcfg C:/Users/imeli/Desktop/RISC_V/RISC_V_core/tb_behavioral.wcfg} [get_filesets sim_1]
save_wave_config {C:/Users/imeli/Desktop/RISC_V/RISC_V_core/tb_behavioral.wcfg}
