#-----------------------------------------------------------
# Vivado v2019.1 (64-bit)
# SW Build 2552052 on Fri May 24 14:49:42 MDT 2019
# IP Build 2548770 on Fri May 24 18:01:18 MDT 2019
# Start of session at: Thu Nov 30 20:40:30 2023
# Process ID: 18488
# Current directory: C:/Users/imeli/Desktop/RISC_V_core
# Command line: vivado.exe -gui_launcher_event rodinguilauncherevent13372 C:\Users\imeli\Desktop\RISC_V_core\RISC_V_core.xpr
# Log file: C:/Users/imeli/Desktop/RISC_V_core/vivado.log
# Journal file: C:/Users/imeli/Desktop/RISC_V_core\vivado.jou
#-----------------------------------------------------------
start_gui
open_project C:/Users/imeli/Desktop/RISC_V_core/RISC_V_core.xpr
update_compile_order -fileset sources_1
export_ip_user_files -of_objects  [get_files C:/Users/imeli/Desktop/RISC_V_core/RISC_V_core.srcs/sim_1/imports/Desktop/RISC_V_core/tb_behaviour.wcfg] -no_script -reset -force -quiet
remove_files  -fileset sim_1 C:/Users/imeli/Desktop/RISC_V_core/RISC_V_core.srcs/sim_1/imports/Desktop/RISC_V_core/tb_behaviour.wcfg
